! Test Group
# Test Category,0
* Test Ticket,active
Test description.
